AR d_rtl behavioral /home/ng_pc/Downloads/D_rtl.vhd sub00/vhpl01 1744539801
EN sipo_test NULL /home/ng_pc/Downloads/sipo_test.vhd sub00/vhpl04 1744539717
EN sipo_rtl NULL /home/ng_pc/Downloads/sipo_rtl.vhd sub00/vhpl02 1744539802
AR sipo_rtl behavioral /home/ng_pc/Downloads/sipo_rtl.vhd sub00/vhpl03 1744539803
EN d_rtl NULL /home/ng_pc/Downloads/D_rtl.vhd sub00/vhpl00 1744539800
