V3 3
FL /home/ng_pc/Desktop/1300123058/half_subtractor/half_subtractor_rtl.vhd 2025/02/21.14:04:28 P.20131013
EN work/half_subtractor_rtl 1740126872 \
      FL /home/ng_pc/Desktop/1300123058/half_subtractor/half_subtractor_rtl.vhd \
      PB ieee/std_logic_1164 1381692176
AR work/half_subtractor_rtl/Behavioral 1740126873 \
      FL /home/ng_pc/Desktop/1300123058/half_subtractor/half_subtractor_rtl.vhd \
      EN work/half_subtractor_rtl 1740126872
