Release 14.7 - xst P.20131013 (lin64)
Copyright (c) 1995-2013 Xilinx, Inc.  All rights reserved.
--> 
Parameter TMPDIR set to xst/projnav.tmp


Total REAL time to Xst completion: 0.00 secs
Total CPU time to Xst completion: 0.04 secs
 
--> 
Parameter xsthdpdir set to xst


Total REAL time to Xst completion: 0.00 secs
Total CPU time to Xst completion: 0.04 secs
 
--> 
Reading design: updown_rtl.prj

TABLE OF CONTENTS
  1) Synthesis Options Summary
  2) HDL Compilation
  3) Design Hierarchy Analysis
  4) HDL Analysis
  5) HDL Synthesis
     5.1) HDL Synthesis Report
  6) Advanced HDL Synthesis
     6.1) Advanced HDL Synthesis Report
  7) Low Level Synthesis
  8) Partition Report
  9) Final Report
	9.1) Device utilization summary
	9.2) Partition Resource Summary
	9.3) TIMING REPORT


=========================================================================
*                      Synthesis Options Summary                        *
=========================================================================
---- Source Parameters
Input File Name                    : "updown_rtl.prj"
Input Format                       : mixed
Ignore Synthesis Constraint File   : NO

---- Target Parameters
Output File Name                   : "updown_rtl"
Output Format                      : NGC
Target Device                      : xc3s50-5-pq208

---- Source Options
Top Module Name                    : updown_rtl
Automatic FSM Extraction           : YES
FSM Encoding Algorithm             : Auto
Safe Implementation                : No
FSM Style                          : LUT
RAM Extraction                     : Yes
RAM Style                          : Auto
ROM Extraction                     : Yes
Mux Style                          : Auto
Decoder Extraction                 : YES
Priority Encoder Extraction        : Yes
Shift Register Extraction          : YES
Logical Shifter Extraction         : YES
XOR Collapsing                     : YES
ROM Style                          : Auto
Mux Extraction                     : Yes
Resource Sharing                   : YES
Asynchronous To Synchronous        : NO
Multiplier Style                   : Auto
Automatic Register Balancing       : No

---- Target Options
Add IO Buffers                     : YES
Global Maximum Fanout              : 100000
Add Generic Clock Buffer(BUFG)     : 8
Register Duplication               : YES
Slice Packing                      : YES
Optimize Instantiated Primitives   : NO
Use Clock Enable                   : Yes
Use Synchronous Set                : Yes
Use Synchronous Reset              : Yes
Pack IO Registers into IOBs        : Auto
Equivalent register Removal        : YES

---- General Options
Optimization Goal                  : Speed
Optimization Effort                : 1
Keep Hierarchy                     : No
Netlist Hierarchy                  : As_Optimized
RTL Output                         : Yes
Global Optimization                : AllClockNets
Read Cores                         : YES
Write Timing Constraints           : NO
Cross Clock Analysis               : NO
Hierarchy Separator                : /
Bus Delimiter                      : <>
Case Specifier                     : Maintain
Slice Utilization Ratio            : 100
BRAM Utilization Ratio             : 100
Verilog 2001                       : YES
Auto BRAM Packing                  : NO
Slice Utilization Ratio Delta      : 5

=========================================================================


=========================================================================
*                          HDL Compilation                              *
=========================================================================
WARNING:HDLParsers:3607 - Unit work/updown_rtl is now defined in a different file.  It was defined in "/home/ng_pc/Desktop/test/updown_rtl.vhd", and is now defined in "/home/ng_pc/Desktop/13000123058/updown_easy/updown_rtl.vhd".
WARNING:HDLParsers:3607 - Unit work/updown_rtl/Behavioral is now defined in a different file.  It was defined in "/home/ng_pc/Desktop/test/updown_rtl.vhd", and is now defined in "/home/ng_pc/Desktop/13000123058/updown_easy/updown_rtl.vhd".
WARNING:HDLParsers:3607 - Unit work/jk_rtl is now defined in a different file.  It was defined in "/home/ng_pc/Desktop/test/jk_rtl.vhd", and is now defined in "/home/ng_pc/Desktop/13000123058/updown_easy/jk_rtl.vhd".
WARNING:HDLParsers:3607 - Unit work/jk_rtl/Behavioral is now defined in a different file.  It was defined in "/home/ng_pc/Desktop/test/jk_rtl.vhd", and is now defined in "/home/ng_pc/Desktop/13000123058/updown_easy/jk_rtl.vhd".
Compiling vhdl file "/home/ng_pc/Desktop/13000123058/updown_easy/jk_rtl.vhd" in Library work.
Architecture behavioral of Entity jk_rtl is up to date.
Compiling vhdl file "/home/ng_pc/Desktop/13000123058/updown_easy/updown_rtl.vhd" in Library work.
Architecture behavioral of Entity updown_rtl is up to date.

=========================================================================
*                     Design Hierarchy Analysis                         *
=========================================================================
Analyzing hierarchy for entity <updown_rtl> in library <work> (architecture <behavioral>).

Analyzing hierarchy for entity <jk_rtl> in library <work> (architecture <behavioral>).


=========================================================================
*                            HDL Analysis                               *
=========================================================================
Analyzing Entity <updown_rtl> in library <work> (Architecture <behavioral>).
Entity <updown_rtl> analyzed. Unit <updown_rtl> generated.

Analyzing Entity <jk_rtl> in library <work> (Architecture <behavioral>).
Entity <jk_rtl> analyzed. Unit <jk_rtl> generated.


=========================================================================
*                           HDL Synthesis                               *
=========================================================================

Performing bidirectional port resolution...

Synthesizing Unit <jk_rtl>.
    Related source file is "/home/ng_pc/Desktop/13000123058/updown_easy/jk_rtl.vhd".
    Found 1-bit register for signal <temp>.
    Found 1-bit xor2 for signal <temp$xor0000> created at line 54.
    Summary:
	inferred   1 D-type flip-flop(s).
Unit <jk_rtl> synthesized.


Synthesizing Unit <updown_rtl>.
    Related source file is "/home/ng_pc/Desktop/13000123058/updown_easy/updown_rtl.vhd".
WARNING:Xst:646 - Signal <q1bar<3>> is assigned but never used. This unconnected signal will be trimmed during the optimization process.
Unit <updown_rtl> synthesized.


=========================================================================
HDL Synthesis Report

Macro Statistics
# Registers                                            : 4
 1-bit register                                        : 4
# Xors                                                 : 4
 1-bit xor2                                            : 4

=========================================================================

=========================================================================
*                       Advanced HDL Synthesis                          *
=========================================================================


=========================================================================
Advanced HDL Synthesis Report

Macro Statistics
# Registers                                            : 4
 Flip-Flops                                            : 4
# Xors                                                 : 4
 1-bit xor2                                            : 4

=========================================================================

=========================================================================
*                         Low Level Synthesis                           *
=========================================================================

Optimizing unit <updown_rtl> ...

Mapping all equations...
Building and optimizing final netlist ...
Found area constraint ratio of 100 (+ 5) on block updown_rtl, actual ratio is 0.

Final Macro Processing ...

=========================================================================
Final Register Report

Macro Statistics
# Registers                                            : 4
 Flip-Flops                                            : 4

=========================================================================

=========================================================================
*                           Partition Report                            *
=========================================================================

Partition Implementation Status
-------------------------------

  No Partitions were found in this design.

-------------------------------

=========================================================================
*                            Final Report                               *
=========================================================================
Final Results
RTL Top Level Output File Name     : updown_rtl.ngr
Top Level Output File Name         : updown_rtl
Output Format                      : NGC
Optimization Goal                  : Speed
Keep Hierarchy                     : No

Design Statistics
# IOs                              : 7

Cell Usage :
# BELS                             : 8
#      INV                         : 1
#      LUT2                        : 2
#      LUT3                        : 2
#      LUT4                        : 2
#      VCC                         : 1
# FlipFlops/Latches                : 4
#      FDCE                        : 4
# Clock Buffers                    : 1
#      BUFGP                       : 1
# IO Buffers                       : 6
#      IBUF                        : 2
#      OBUF                        : 4
=========================================================================

Device utilization summary:
---------------------------

Selected Device : 3s50pq208-5 

 Number of Slices:                        4  out of    768     0%  
 Number of Slice Flip Flops:              4  out of   1536     0%  
 Number of 4 input LUTs:                  7  out of   1536     0%  
 Number of IOs:                           7
 Number of bonded IOBs:                   7  out of    124     5%  
 Number of GCLKs:                         1  out of      8    12%  

---------------------------
Partition Resource Summary:
---------------------------

  No Partitions were found in this design.

---------------------------


=========================================================================
TIMING REPORT

NOTE: THESE TIMING NUMBERS ARE ONLY A SYNTHESIS ESTIMATE.
      FOR ACCURATE TIMING INFORMATION PLEASE REFER TO THE TRACE REPORT
      GENERATED AFTER PLACE-and-ROUTE.

Clock Information:
------------------
-----------------------------------+------------------------+-------+
Clock Signal                       | Clock buffer(FF name)  | Load  |
-----------------------------------+------------------------+-------+
clk                                | BUFGP                  | 4     |
-----------------------------------+------------------------+-------+

Asynchronous Control Signals Information:
----------------------------------------
-----------------------------------+------------------------+-------+
Control Signal                     | Buffer(FF name)        | Load  |
-----------------------------------+------------------------+-------+
reset                              | IBUF                   | 4     |
-----------------------------------+------------------------+-------+

Timing Summary:
---------------
Speed Grade: -5

   Minimum period: 3.616ns (Maximum Frequency: 276.518MHz)
   Minimum input arrival time before clock: 3.842ns
   Maximum output required time after clock: 6.441ns
   Maximum combinational path delay: No path found

Timing Detail:
--------------
All values displayed in nanoseconds (ns)

=========================================================================
Timing constraint: Default period analysis for Clock 'clk'
  Clock period: 3.616ns (frequency: 276.518MHz)
  Total number of paths / destination ports: 16 / 7
-------------------------------------------------------------------------
Delay:               3.616ns (Levels of Logic = 2)
  Source:            U2/temp (FF)
  Destination:       U3/temp (FF)
  Source Clock:      clk rising
  Destination Clock: clk rising

  Data Path: U2/temp to U3/temp
                                Gate     Net
    Cell:in->out      fanout   Delay   Delay  Logical Name (Net Name)
    ----------------------------------------  ------------
     FDCE:C->Q             3   0.626   0.941  U2/temp (U2/temp)
     LUT4:I1->O            2   0.479   0.915  j1_3_or00001 (U3/temp_not0001)
     LUT2:I1->O            1   0.479   0.000  U3/temp_mux00001 (U3/temp_mux0000)
     FDCE:D                    0.176          U3/temp
    ----------------------------------------
    Total                      3.616ns (1.760ns logic, 1.856ns route)
                                       (48.7% logic, 51.3% route)

=========================================================================
Timing constraint: Default OFFSET IN BEFORE for Clock 'clk'
  Total number of paths / destination ports: 6 / 6
-------------------------------------------------------------------------
Offset:              3.842ns (Levels of Logic = 3)
  Source:            updown (PAD)
  Destination:       U3/temp (FF)
  Destination Clock: clk rising

  Data Path: updown to U3/temp
                                Gate     Net
    Cell:in->out      fanout   Delay   Delay  Logical Name (Net Name)
    ----------------------------------------  ------------
     IBUF:I->O             5   0.715   1.078  updown_IBUF (updown_IBUF)
     LUT4:I0->O            2   0.479   0.915  j1_3_or00001 (U3/temp_not0001)
     LUT2:I1->O            1   0.479   0.000  U3/temp_mux00001 (U3/temp_mux0000)
     FDCE:D                    0.176          U3/temp
    ----------------------------------------
    Total                      3.842ns (1.849ns logic, 1.993ns route)
                                       (48.1% logic, 51.9% route)

=========================================================================
Timing constraint: Default OFFSET OUT AFTER for Clock 'clk'
  Total number of paths / destination ports: 4 / 4
-------------------------------------------------------------------------
Offset:              6.441ns (Levels of Logic = 1)
  Source:            U0/temp (FF)
  Destination:       out1<0> (PAD)
  Source Clock:      clk rising

  Data Path: U0/temp to out1<0>
                                Gate     Net
    Cell:in->out      fanout   Delay   Delay  Logical Name (Net Name)
    ----------------------------------------  ------------
     FDCE:C->Q             7   0.626   0.906  U0/temp (U0/temp)
     OBUF:I->O                 4.909          out1_0_OBUF (out1<0>)
    ----------------------------------------
    Total                      6.441ns (5.535ns logic, 0.906ns route)
                                       (85.9% logic, 14.1% route)

=========================================================================


Total REAL time to Xst completion: 2.00 secs
Total CPU time to Xst completion: 1.96 secs
 
--> 


Total memory usage is 502280 kilobytes

Number of errors   :    0 (   0 filtered)
Number of warnings :    5 (   0 filtered)
Number of infos    :    0 (   0 filtered)

